nohup: ignoring input
  resuming from reports/ccnews_probe.json
  year 2016: already done, skipping
  streaming stanford-oval/ccnews name=2017 ...
  year 2017: scanned 200,001 rows (lower bound)
  streaming stanford-oval/ccnews name=2018 ...
  year 2018: scanned 200,001 rows (lower bound)
  streaming stanford-oval/ccnews name=2019 ...
  year 2019: scanned 200,001 rows (lower bound)
  streaming stanford-oval/ccnews name=2020 ...
  year 2020: scanned 200,001 rows (lower bound)
  streaming stanford-oval/ccnews name=2021 ...
  year 2021: scanned 200,001 rows (lower bound)
  streaming stanford-oval/ccnews name=2022 ...
  year 2022: scanned 200,001 rows (lower bound)
  streaming stanford-oval/ccnews name=2023 ...
  year 2023: scanned 200,001 rows (lower bound)
  streaming stanford-oval/ccnews name=2024 ...
  year 2024: scanned 200,001 rows (lower bound)
Part 2 section written to reports/T2_report.md
Per-language panel PASS: hi=False, ar=False, uk=False
